#format as below
#xml element name = {xls header name = xls value type, ...}
DRIF={DRIF=date}
ASSET_CLASS={ASSET_CLASS=string}
ASSET_TYPE={ASSET_TYPE=string}
CCY={CCY=string}
EXTISIN={EXTISIN=string}
EXTISIN_TYPE={EXTISIN_TYPE=string}
MARKET={MARKET=string}
INSTRUMENT={INSTRUMENT=string}
MATY={MATY=date}
UND_COUPON={UND_COUPON=decimal}
ISSUER={ISSUER=string}
ISSUE_DATE={ISSUE_DATE=date}
OUTSTANDING_ISSUANCE={OUTSTANDING_ISSUANCE=decimal}
ACCRUAL_BASIS={ACCRUAL_BASIS=string}
FREQUENCY={FREQUENCY=string}
EV_PRICE={EV_PRICE=decimal}
ACC_DDAT={ACC_DDAT=decimal}
INFLAT_RATIO={INFLAT_RATIO=decimal}
RECORD_DATE={RECORD_DATE=date}
EX_DIV_DATE={EX_DIV_DATE=date}
NEXT_COUPON_DATE={NEXT_COUPON_DATE=date}
ADDITIONALINFO1={ADDITIONALINFO1=string}
ADDITIONALINFO2={ADDITIONALINFO2=string}
ADDITIONALINFO3={ADDITIONALINFO3=string}
ADDITIONALINFO4={ADDITIONALINFO4=string}
NOTATION={NOTATION=string}
MININUM_TRADABLE_AMNT={MININUM_TRADABLE_AMNT=decimal}
MULTIPLE_TRADABLE_AMNT={MULTIPLE_TRADABLE_AMNT=long}
rating={null=null}
#RATING1={RATING1=string}
#RATING2={RATING2=string}
#RATING3={RATING3=string}
#RATING4={RATING4=string}
#RATING5={RATING5=string}
#RATING6={RATING6=string}
INUSE={INUSE=boolean}
PRICE_SOURCE={PRICE_SOURCE=string}
LAST_COUPON_DATE={LAST_COUPON_DATE=date}
PRICE_LEVEL={PRICE_LEVEL=string}
PRICE_FACTOR={PRICE_FACTOR=string}
NEW_ISSUE={NEW_ISSUE=boolean}
ADTV={ADTV=string}
TRADED_INTEREST={TRADED_INTEREST=string}
COUNTRY_OF_ISSUE={COUNTRY_OF_ISSUE=string}
#assetClassification
#assetClassificationName={assetClassificationName=string}
#assetCategory={assetCategory=string}
#PD={PD=string}
#udf
#udfName={udfName=string}
#udfValue={udfValue=string}
#multipleId
#idType={idType=string}
#idValue={idValue=string}}
finra4210MinHaircut={finra4210MinHaircut=string}
PD={PD=string}