#format as below
#xml element name = {xls header name = xls value type, ...}
orgHeader={null=null}
orgCode={PARENT=string}
longName={PARENT_LONG_NAME=string}
shortName={PARENT_SHORT_NAME=string}
LEI={PARENT_LEI=string}
orgRole={Branch_Roles=string}
countryOfRisk={COUNTRY_OF_RISK=string}
industry={INDUSTRY=string}
orgCreditRating={null=null}
#ratingAgency={ratingAgency=string}
#rating={rating=string}
#debtClassification={debtClassification=string}
relationships={null=null}
#relationship
subOrg={BRANCH=string,ORG_LONG_NAME=string}
relationshipType={RELATIONSHIPTYPE=string}
relationshipOperation={relationshipOperation=string}
clTemplateName={clTemplateName=string}
clCurrency={clCurrency=string}
clIncludeSub={clIncludeSub=boolean}
#extCode={extCode=string}
classification={CLASSIFICATION=string}
ultimateParents={null=null}
ultimateParent={ULTIMATE_PARENT=string}
closeLinks={null=null}
closeLink={CLOSE_LINK=string}
flagCountry={FLAGCOUNTRY=string}
#region={region=string}
#linkage={linkage=string}
udf={null=null}
#udfName={udfName=string}
#udfValue={udfValue=string}
#externalCodes
#externalCode
#system={system=string}
#extCode={extCode=string}
#operation={operation=string}
#finra4210Exempt={finra4210Exempt=boolean}
imThresholdAmount={imThresholdAmount=string}
imThresholdCurrency={imThresholdCurrency=string}
imThresholdIncludeSub={imThresholdIncludeSub=boolean}