#format as below
#xml element name = {xls header name = xls value type, ...}
legal_id={legal_id=string}
principal={principal=string}
counterparty={counterparty=string}
system={system=string}
product={product=string}
orgCode={orgCode=string}
tradeRef={tradeRef=string}
tradeRef2={tradeRef2=string}
dealDate={dealDate=string}
startDate={startDate=string}
endDate={endDate=string}
strikePrice={strikePrice=string}
tradeAction={tradeAction=string}
stringMisc1={stringMisc1=string}
tradeActionOther={tradeActionOther=string}
notional={notional=string}
notional2Nd={notional2nd=string}
currency={currency=string}
currency2nd={currency2nd=string}
mtmValuation={mtmValuation=string}
mtmValuationDate={mtmValuationDate=string}
mtmValuationLocalSysCcy={mtmValuationLocalSysCcy=string}
indepMtmValuation={indepMtmValuation=string}
indepMtmValuationCcy={indepMtmValuationCcy=string}
countryOfIssue={countryOfIssue=string}
underlyingDescription={underlyingDescription=string}
tradePrice={tradePrice=string}
dirtyMarketPrice={dirtyMarketPrice=string}
cleanMarketPrice={cleanMarketPrice=string}
hairCut={hairCut=string}
priceChange={priceChange=string}
priceAge={priceAge=string}
coupon={coupon=string}
deliveryMethod={deliveryMethod=string}
descriptionId={descriptionId=string}
accrual={accrual=string}
principalDealLevelUpfront={principalDealLevelUpfront=string}
principalDealLevelAmount={principalDealLevelAmount=string}
principalDealLevelCurrency={principalDealLevelCurrency=string}
principalDealLevelType={principalDealLevelType=string}
counterpartyDealLevelUpfront={counterpartyDealLevelUpfront=string}
counterpartyDealLevelAmount={counterpartyDealLevelAmount=string}
counterpartyDealLevelCurrency={counterpartyDealLevelCurrency=string}
counterpartyDealLevelType={counterpartyDealLevelType=string}
strategy={strategy=string}
cptyRef={cptyRef=string}
misc1={misc1=string}
misc2={misc2=string}
misc3={misc3=string}
misc4={misc4=string}
misc5={misc5=string}
misc6={misc6=string}
misc7={misc7=string}
misc8={misc8=string}
misc9={misc9=string}
misc10={misc10=string}
misc11={misc11=string}
misc12={misc12=string}
misc13={misc13=string}
misc14={misc14=string}
misc15={misc15=string}
misc16={misc16=string}
misc17={misc17=string}
misc20={misc20=string}
misc21={misc21=string}
misc22={misc22=string}
misc23={misc23=string}
misc24={misc24=string}
misc25={misc25=string}
misc26={misc26=string}
misc27={misc27=string}
misc28={misc28=string}
misc29={misc29=string}
misc30={misc30=string}
Comments={Comments=string}
operation={operation=string}
altMtmValuation={altMtmValuation=string}
altmtmValuationCcy={altmtmValuationCcy=string}
CCP={CCP=string}
upfrontFee={upfrontFee=string}
pai={PAI=string}
paiRate={PAIRate=string}
transferValue={transferValue=string}
TSACurrency={TSACurrency=string}
fixedRate={fixedRate=string}
floatingIndex={floatingIndex=string}
bankedCoupon={bankedCoupon=string}
accruedCoupon={accruedCoupon=string}
accruedCouponCcy={accruedCouponCcy=string}
fixedCoupon={fixedCoupon=string}
fixedCouponCcy={fixedCouponCcy=string}
floatingCoupon={floatingCoupon=string}
floatingCouponCcy={floatingCouponCcy=string}
clearedDate={clearedDate=string}
initialCoupon={initialCoupon=string}
creditEventCashAmount={creditEventCashAmount=string}
successionEventCashAmount={successionEventCashAmount=string}
resetToParAmount={resetToParAmount=string}
imInterest={IMInterest=string}
ndfCashflow={NDFCashflow=string}
tsaMisc1={TSAMisc1=string}
tsaMisc2={TSAMisc2=string}
tsaMisc3={TSAMisc3=string}
upfrontFeeSettlementDate={upfrontFeeSettlementDate=string}
originalPartyB={originalPartyB=string}
Model={Model=string}

