agreementId={agreementId=long}
external_ID={external_ID=string}
counterparty={counterparty=string}
assetClass={assetClass=string}
assetType={assetType=string}
instrumentID={instrumentID=string}
parAmount={parAmount=string}
imParAmount={imParAmount=string}
movement={movement=string}
settlementDate={settlementDate=string}
valuationPerc={valuationPerc=string}
settlementStatus={settlementStatus=string}
description={description=string}
description2={description2=string}
description3={description3=string}
settlementComment={settlementComment=string}
settlementDateAbbriviated={settlementDateAbbriviated=string}
creationDate={creationDate=string}
previousTicketId={previousTicketId=string}
moveDescription={moveDescription=string}
placeOfSettlement={placeOfSettlement=string}
linkToEvent={linkToEvent=string}
Event={Event=string}
Model={Model=string}
resetDate={resetDate=string}
market={market=string}
WHT={WHT=string}
cashMovementType={cashMovementType=string}
component={component=string}
rehypothecated={rehypothecated=string}
assetOwner={assetOwner=string}

#BookingUDFFields
#udfName={udfName=string}
#udfValue={udfValue=string}

postApprovalStatus={postApprovalStatus=string}