#format as below
#xml element name = {xls header name = xls value type, ...}
name={name=string}
netting_MTM_And_IA={netting_MTM_And_IA=string}
gracePeriod={gracePeriod=string}
concentrationLimitBreachAdjustment={concentrationLimitBreachAdjustment=string}
assetClassification={assetClassification=string}
enableApplicableAgencies={enableApplicableAgencies=boolean}

#applicableAgencies
#referenceRatingAgencies={referenceRatingAgencies=string}
#debtClassification={debtClassification=string}
#selectionOfAgency
#use={use=string}
#direction={direction=string}
#applicableOfRating={applicableOfRating=string}

#concentrationLimit
#concentrationLimitTrigger={concentrationLimitTrigger=decimal}
#rating_method={rating_method=string}

#asset_classes
#asset_class
#asset_class_name={asset_class_name=string}
#concentration_rules
#concentration_rule
#concentration_rule={concentration_rule=string}
#applicableAssetCategories={applicableAssetCategories=string}
#element={element=string}
#rating_from={rating_from=string}
#rating_to={rating_to=string}
#method={method=string}
#value={value=decimal}
#trigger={trigger=decimal}
#triggerCCY={triggerCCY=string}
#group={group=decimal}

#assets
#asset
#assetName={assetName=string}
#cashAsset={cashAsset=boolean}
#applicableParty={applicableParty=string}
#applicableType={applicableType=string}
#settlementDateAbbriviated={settlementDateAbbriviated=string}
#notes={notes=string}
#notes2={notes2=string}
#notes3={notes3=string}
#fixedVal={fixedVal=boolean}
#valuePercent={valuePercent=decimal}
#valueBasis={valueBasis=string}
#valueBasis2={valueBasis2=string}
#elig_method={elig_method=string}
#ratingMethod={ratingMethod=string}
#ratingMethod2={ratingMethod2=string}
#timeBasedVal
#fromTime={fromTime=decimal}
#toTime={toTime=decimal}
#valuationPerc={valuationPerc=decimal}
#from_rating_level={from_rating_level=string}
#to_rating_level={to_rating_level=string}
#timeBasedVal2
#fromTime={fromTime=decimal}
#toTime={toTime=decimal}
#valuationPerc={valuationPerc=decimal}
#from_rating_level={from_rating_level=string}
#to_rating_level={to_rating_level=string}
#haircutAdjustments
#haircutAdjustment
#adjustmentType={adjustmentType=string}
#instrumentField={instrumentField=string}
#rule={rule=string}
#value={value=string}
#operation={operation=string}
#valuePercentage={valuePercentage=decimal}
#rating
#min_agency={min_agency=string}
#min_rating={min_rating=string}
#eligibility
#elig_industry_correlation={elig_industry_correlation=boolean}
#elig_issue_date={elig_issue_date=date}
#elig_issue_maturity_type={elig_issue_maturity_type=string}
#elig_issue_maturity_less_than={elig_issue_maturity_less_than=long}
#elig_issue_maturity_period_type={elig_issue_maturity_period_type=string}
#elig_ccy={elig_ccy=string}
#elig_country={elig_country=string}
#elig_role_correlation={elig_role_correlation=string}
#elig_exc_instrument={elig_exc_instrument=string}
#elig_issuer={elig_issuer=string}
#miniEligiblityCQS={miniEligiblityCQS=string}
#elig_ultimateParent_correlation={elig_ultimateParent_correlation=boolean}
#elig_closeLink_correlation={elig_closeLink_correlation=boolean}
#udfRule
#field={field=string}
#rule={rule=string}
#value={value=string}
#udfRuleCcy={udfRuleCcy=string}
#concentration_rules
#concentration_rule
#concentration_rule={concentration_rule=string}
#element={element=string}
#rating_from={rating_from=string}
#rating_to={rating_to=string}
#method={method=string}
#value={value=decimal}
#trigger={trigger=decimal}
#triggerCCY={triggerCCY=string}
#group={group=decimal}