#format as below
#xml element name = {xls header name = xls value type, ...}
principal={principal=string}
principalRole={principalRole=string}
counterpartycode={counterpartycode=string}
principalContact={principalContact=string}
cptyContact={cptyContact=string}
principalinterestcontact={principalinterestcontact=string}
cptyinterestcontact={cptyinterestcontact=string}
custodian={custodian=string}
comment={comment=string}
creditContReuseRights={creditContReuseRights=string}
signOffNotes={signOffNotes=string}
concentrationLimitTrigger={concentrationLimitTrigger=string}
group={group=string}
agreement_description={agreement_description=string}
region={region=string}
status={status=int}
category={category=string}
colManager={colManager=string}
legal_id={legal_id=string}
notes={notes=string}
LinkageSet={LinkageSet=string}
CCP={CCP=string}
valuation_agent={valuation_agent=string}
principalNAV={principalNAV=decimal}
principalCCy={principalCCy=string}
cptyNAV={cptyNAV=decimal}
cptyCCy={cptyCCy=string}
master_documentation={master_documentation=string}
credit_support_documentation={credit_support_documentation=string}
createDate={createDate=date}
signOffDate={signOffDate=date}
original_date={original_date=date}
reviewDate={reviewDate=date}
reciprocity={reciprocity=string}
base_currency={base_currency=string}
prcTransferCcy={prcTransferCcy=string}
cptyTransferCcy={cptyTransferCcy=string}
prcTerminationCcy={prcTerminationCcy=string}
cptyTerminationCcy={cptyTerminationCcy=string}
colType={colType=string}
rehypothecation_flag={rehypothecation_flag=string}
rehypothecation={rehypothecation=string}
im_rehypothecation_flag={im_rehypothecation_flag=string}
imRehypothecation={imRehypothecation=string}
flush={flush=string}
flush_Type={flush_Type=string}
netting_MTM_And_IA={netting_MTM_And_IA=string}
netting_Calc={netting_Calc=string}
netting_Interest={netting_Interest=string}
interestLetter={interestLetter=string}
individualOrders={individualOrders=string}
calcMTM={calcMTM=boolean}
eventAggregation={eventAggregation=string}
sharesPerCreationUnit={sharesPerCreationUnit=decimal}
enableSTP={enableSTP=string}
stpRule={stpRule=string}
stpIntraDayEvent={stpIntraDayEvent=boolean}
TSA={TSA=string}
TSARule={TSARule=string}
cashflow={cashflow=string}
cashflowRule={cashflowRule=string}
marginType={marginType=string}
clientType={clientType=string}
inventoryDeliveryGroup={inventoryDeliveryGroup=string}

#sendConfirmationLetter
#counterparty={counterparty=boolean}
#custodian={custodian=boolean}
#custodianContact={custodianContact=string}

enableApplicableAgencies={enableApplicableAgencies=boolean}

#applicableAgencies
#referenceRatingAgencies={referenceRatingAgencies=string}
#debtClassification={debtClassification=string}

#selectionOfAgency
#use={use=string}
#direction={direction=string}
#applicableOfRating={applicableOfRating=string}

#principalBranches
#branch={branch=string}

#cptyBranches
#branch={=string}

frequency={frequency=string}
non_workingday_adjusttype={non_workingday_adjusttype=string}
frequency_start={frequency_start=date}
notification_time={notification_time=string}
resolution_time={resolution_time=string}
resolution_day={resolution_day=string}
time_zone={time_zone=string}
holiday_centre={holiday_centre=string}
clientRelease={clientRelease=boolean}
tradeValuationRule={tradeValuationRule=string}
fxRateRule={fxRateRule=string}
ScaleUpMargin={ScaleUpMargin=boolean}
ScaleUpCalcMethod={ScaleUpCalcMethod=string}
ScaleUpValue={ScaleUpValue=decimal}
ScaleUpAggregation={ScaleUpAggregation=string}

#tradeMappingRule
#tmrField={tmrField=string}
#tmrRule={tmrRule=string}
#tmrValue={tmrValue=string}
#tmrOperator={tmrOperator=string}

#product" maxOccurs="unbounded">
#productName={productName=string}
#exposurePerc={exposurePerc=string}
#settlementPeriod={settlementPeriod=string}
#upfrontCalculMethod={upfrontCalculMethod=string}
#principleUpfronts={principleUpfronts=boolean}
#principleFixedPerc={principleFixedPerc=string}
#principleFixedValue={principleFixedValue=string}
#perOfNotionalCcy={perOfNotionalCcy=string}
#haircutCalcMethod={haircutCalcMethod=string}
#includeValuation={includeValuation=boolean}

#iaCalNettingRules
#tradeRule={tradeRule=string}
#nettingRule={nettingRule=string}
#nettingCalculation={nettingCalculation=string}

#rateDefinitions
#rateDefinition
#rate={rate=string}
#currency={currency=string}
#currencyGroup={currencyGroup=string}

#externalIaSettings
#externalIaSetting
#currencySet={currencySet=string}
#calcMethod={calcMethod=string}
#confidenceLevel={confidenceLevel=string}
#days={days=string}
#multiplier={multiplier=string}
#minimumCollateral={minimumCollateral=string}
#maturityBucket={maturityBucket=string}
#riskHistory={riskHistory=string}
#riskModelCalPeriod={riskModelCalPeriod=string}
#assetsClassToHedge={assetsClassToHedge=string}
#comments={comments=string}
#misc1={misc1=string}
#misc2={misc2=string}
#misc3={misc3=string}
#misc4={misc4=string}
#misc5={misc5=string}

compoundInterestCalc={compoundInterestCalc=boolean}
interestCalcMethod={interestCalcMethod=string}
calcRule={calcRule=string}
interest_pay_method={interest_pay_method=string}
interest_receive_method={interest_receive_method=string}
calcDate={calcDate=string}
rating_method={rating_method=string}
exposureCushion={exposureCushion=string}
ecPercentage={ecPercentage=decimal}
ecFixedValue={ecFixedValue=decimal}
ecCalculationMethodology={ecCalculationMethodology=string}
ecAssetClassApplicability={ecAssetClassApplicability=string}
ecDirection={ecDirection=string}
ecBookingType={ecBookingType=string}
gracePeriod={gracePeriod=string}
concentrationLimitBreachAdjustment={concentrationLimitBreachAdjustment=string}

#asset_classes
#asset_class
#asset_class_name={asset_class_name=string}
#concentration_rules
#concentration_rule
#concentration_rule={concentration_rule=string}
#rating_from={rating_from=string}
#rating_to={rating_to=string}
#method={method=string}
#element={element=string}
#value={value=string}
#trigger={trigger=string}
#triggerCCY={triggerCCY=string}
#group={group=string}

applicableToBoth={applicableToBoth=boolean}
applicableToVI={applicableToVI=boolean}

#asset
#assetName={assetName=string}
#templateVsAgreementEligibilityRule={templateVsAgreementEligibilityRule=string}
#settlementDateAbbriviated={settlementDateAbbriviated=string}
#fixedVal={fixedVal=boolean}
#valuePercent={valuePercent=string}
#valueBasis={valueBasis=string}
#valueBasis2={valueBasis2=string}
#notes={notes=string}
#notes2={notes2=string}
#notes3={notes3=string}
#cash_rate={cash_rate=string}
#applicableParty={applicableParty=string}
#applicableType={applicableType=string}
#wht_rate={wht_rate=string}
#wht_applicable_to={wht_applicable_to=string}
#elig_method={elig_method=string}
#internal_Reuse_Policy={internal_Reuse_Policy=string}
#cashAsset={cashAsset=boolean}
#deliveryPriority={deliveryPriority=string}
#recallPriority={recallPriority=string}
#reinvestRate={reinvestRate=string}
#ratingMethod={ratingMethod=string}
#ratingMethod2={ratingMethod2=string}
#timeBasedVal
#fromTime={fromTime=string}
#toTime={toTime=string}
#valuationPerc={valuationPerc=string}
#from_rating_level={from_rating_level=string}
#to_rating_level={to_rating_level=string}

#timeBasedVal2
#fromTime={fromTime=string}
#toTime={toTime=string}
#valuationPerc={valuationPerc=string}
#from_rating_level={from_rating_level=string}
#to_rating_level={to_rating_level=string}

#haircutAdjustments
#haircutAdjustment
#adjustmentType={adjustmentType=string}
#instrumentField={instrumentField=string}
#rule={rule=string}
#value={value=string}
#operation={operation=string}
#valuePercentage={valuePercentage=string}

#rating
#min_agency={min_agency=string}
#min_rating={min_rating=string}

#eligibility
#elig_ccy={elig_ccy=string}
#elig_country={elig_country=string}
#elig_issue_date={elig_issue_date=string}
#elig_issue_maturity_type={elig_issue_maturity_type=string}
#elig_issue_maturity_less_than={elig_issue_maturity_less_than=string}
#elig_issue_maturity_period_type={elig_issue_maturity_period_type=string}
#elig_issuer={elig_issuer=string}
#elig_role_correlation={elig_role_correlation=string}
#elig_industry_correlation={elig_industry_correlation=string}
#elig_exc_instrument={elig_exc_instrument=string}
#miniEligiblityCQS={miniEligiblityCQS=string}
#elig_ultimateParent_correlation={elig_ultimateParent_correlation=string}
#elig_closeLink_correlation={elig_closeLink_correlation=string}

#udfRule
#field={field=string}
#rule={rule=string}
#value={value=string}
#udfRuleCcy={udfRuleCcy=string}

#wht
#effectivedate={effectivedate=string}
#applied={applied=boolean}

#bpSpread
#effectivedate={effectivedate=string}
#effectivevalue={effectivevalue=string}

#concentration_rules
#concentration_rule
#concentration_rule={concentration_rule=string}
#rating_from={rating_from=string}
#rating_to={rating_to=string}
#method={method=string}
#element={element=string}
#value={value=string}
#trigger={trigger=string}
#triggerCCY={triggerCCY=string}
#group={group=string}

#AutoBookingRules
#AssetType={AssetType=string}
#ApplicableTo={ApplicableTo=string}
#Tolerance={Tolerance=string}
#Value={Value=string}
#ToleranceAmount={ToleranceAmount=string}
#Movement={Movement=string}
#BookingStatus={BookingStatus=string}
#CreateWithLetter={CreateWithLetter=string}

cptytriggertype={cptytriggertype=string}

#cptyRatingBasedData={ratingBasedData}

rounding_delivery={rounding_delivery=string}
rounding_recall={rounding_recall=string}
std_value={std_value=decimal}
std_type={std_type=string}
FINRA4210Adjustment={FINRA4210Adjustment=boolean}
FINRA4210Applicability={FINRA4210Applicability=string}
principaltriggertype={principaltriggertype=string}
principalFixedThresholdType={principalFixedThresholdType=string}
principalFixedThresholdValue={principalFixedThresholdValue=decimal}
principalFixedThresholdCcy={principalFixedThresholdCcy=string}
principalFixedMTAType={principalFixedMTAType=string}
principalFixedMTAValue={principalFixedMTAValue=decimal}
principalFixedRoundingAmount={principalFixedRoundingAmount=string}
principalIMFixedThresholdType={principalIMFixedThresholdType=string}
principalIMFixedThresholdValue={principalIMFixedThresholdValue=decimal}
principalIMFixedThresholdCcy={principalIMFixedThresholdCcy=string}
principalRatingOrg={principalRatingOrg=string}
principalReferenceRatingAgencies={principalReferenceRatingAgencies=string}
principalApplicationOfRatings={principalApplicationOfRatings=string}
principalDebtClassification={principalDebtClassification=string}

#principalRatingBasedData={ratingBasedData}

roundingIM_delivery={roundingIM_delivery=string}
roundingIM_recall={roundingIM_recall=string}
stdIM_value={stdIM_value=decimal}
principalIMTriggerType={principalIMTriggerType=string}
principalIMFixedMTAType={principalIMFixedMTAType=string}
principalIMFixedMTAValue={principalIMFixedMTAValue=decimal}
principalIMFixedRoundingAmount={principalIMFixedRoundingAmount=int}
principalIMRatingOrg={principalIMRatingOrg=string}
principalIMReferenceRatingAgencies={principalIMReferenceRatingAgencies=string}
principalIMApplicationOfRatings={principalIMApplicationOfRatings=string}
principalIMDebtClassification={principalIMDebtClassification=string}

#principalIMRatingBasedData={ratingBasedData}

cptyIMTriggerType={cptyIMTriggerType=string}

#cptyIMRatingBasedData={ratingBasedData}

allowNegativeEffRate={allowNegativeEffRate=boolean}
principalNotRatedAssumeNR={principalNotRatedAssumeNR=boolean}
principalIMNotRatedAssumeNR={principalIMNotRatedAssumeNR=boolean}
cptyNotRatedAssumeNR={cptyNotRatedAssumeNR=boolean}
cptyIMNotRatedAssumeNR={cptyIMNotRatedAssumeNR=boolean}

#settlementInstructions
#settlementInstruction
#model
#modelName={modelName=string}
#modelCategory={modelCategory=string}
#bookingType={bookingType=string}
#direction={direction=string}
#bucket={bucket=string}

modelDetByFeed={modelDetByFeed=boolean}

#modelEligRules
#modelEligRule
#modelName={modelName=string}
#eligCurrency={eligCurrency=string}
#tradeRules
#tradeRule
#tradeField={tradeField=string}
#tradeEligRule={tradeEligRule=string}
#tradeValue={tradeValue=string}

#modelCategoryType
#modelName={modelName=string}
#modelCategory={modelCategory=string}
#modelBaseCurrency={modelBaseCurrency=string}

notifLetterType={notifLetterType=string}
letterTemplateType={letterTemplateType=string}
exposureTemplateType={exposureTemplateType=string}
statementSetName={statementSetName=string}
distMedium={distMedium=string}

#report_freq
#external_frequency_name={external_frequency_name=string}
#report
#report_type={report_type=string}
#report_template={report_template=string}
#frequency={frequency=string}
#business_adjust_type={business_adjust_type=string}
#frequency_start={frequency_start=string}
#medium={medium=string}
#principal_contact={principal_contact=string}
#cpty_contact={cpty_contact=string}

#lettersAttachments
#letter
#letterType={letterType=string}
#reportType={reportType=string}
#reportTemplate={reportTemplate=string}

DeliveryGroup={DeliveryGroup=string}
conditionRule={conditionRule=string}
conditionFixedAmount={conditionFixedAmount=decimal}
conditionFixedCcy={conditionFixedCcy=string}
conditionPercentageOfTotalExposure={conditionPercentageOfTotalExposure=decimal}
conditionRuleReceive={conditionRuleReceive=string}
conditionFixedAmountReceive={conditionFixedAmountReceive=decimal}
conditionFixedCcyReceive={conditionFixedCcyReceive=string}
conditionPercentageOfTotalExposureReceive={conditionPercentageOfTotalExposureReceive=decimal}
feedProduct={feedProduct=boolean}
feedAsset={feedAsset=boolean}
feedReport={feedReport=boolean}
feedSchedule={feedSchedule=boolean}
agreementName={agreementName=string}
cptyFixedThresholdType={cptyFixedThresholdType=string}
cptyFixedThresholdValue={cptyFixedThresholdValue=decimal}
cptyFixedMTAType={cptyFixedMTAType=string}
cptyFixedRoundingAmount={cptyFixedRoundingAmount=long}
cptyRatingOrg={cptyRatingOrg=string}
cptyReferenceRatingAgencies={cptyReferenceRatingAgencies=string}
cptyApplicationOfRatings={cptyApplicationOfRatings=string}
cptyDebtClassification={cptyDebtClassification=string}
cptyFixedThresholdCcy={cptyFixedThresholdCcy=string}
principalFixedMtaCcy={principalFixedMtaCcy=string}
principalFixedRoundingAmountCcy={principalFixedRoundingAmountCcy=string}
cptyFixedRoundingAmountCcy={cptyFixedRoundingAmountCcy=string}
applyOrganisationThreshold={applyOrganisationThreshold=string}
enableInterestCalc={enableInterestCalc=string}
ValuationDate={ValuationDate=string}
cptyIMFixedMTAType={cptyIMFixedMTAType=string}
cptyIMFixedMTAValue={cptyIMFixedMTAValue=decimal}
cptyFixedMTAValue={cptyFixedMTAValue=decimal}
cptyFixedMtaCcy={cptyFixedMtaCcy=string}
cptyIMFixedRoundingAmount={cptyIMFixedRoundingAmount=string}
cptyIMRatingOrg={cptyIMRatingOrg=string}
cptyIMReferenceRatingAgencies={cptyIMReferenceRatingAgencies=string}
cptyIMApplicationOfRatings={cptyIMApplicationOfRatings=string}
cptyIMDebtClassification={cptyIMDebtClassification=string}
principalIMFixedMtaCcy={principalIMFixedMtaCcy=string}
cptyIMFixedMtaCcy={cptyIMFixedMtaCcy=string}
principalIMFixedRoundingAmountCcy={principalIMFixedRoundingAmountCcy=string}
cptyIMFixedRoundingAmountCcy={cptyIMFixedRoundingAmountCcy=string}
cptyIMFixedThresholdType={cptyIMFixedThresholdType=string}
cptyIMFixedThresholdValue={cptyIMFixedThresholdValue=decimal}
cptyIMFixedThresholdCcy={cptyIMFixedThresholdCcy=string}
letterAttachMedium={letterAttachMedium=string}
interfaceSystem={interfaceSystem=string}
messageAgreementId={messageAgreementId=string}
messageIdType={messageIdType=string}
tsa_level={tsa_level=string}
settlement={settlement=string}
elig_rule_template={elig_rule_template=string}
messageResponseToleranceAmount={messageResponseToleranceAmount=decimal}
messageResponseToleranceCcy={messageResponseToleranceCcy=string}
messageWorkflow={messageWorkflow=string}
price_source={price_source=string}
regulatoryAgreement={regulatoryAgreement=boolean}
agreedJurisdiction={agreedJurisdiction=string}
prinSegType={prinSegType=string}
cptySegType={cptySegType=string}
prinIMSegType={prinIMSegType=string}
cptyIMSegType={cptyIMSegType=string}
other_Jurisdiction={other_Jurisdiction=string}
rank={rank=string}
businessLine={businessLine=string}
multi_model={multi_model=boolean}
annexes={annexes=string}
segregation={segregation=boolean}
im_frequency={im_frequency=string}
im_non_workingday_adjusttype={im_non_workingday_adjusttype=string}
im_frequency_start={im_frequency_start=string}
im_notification_time={im_notification_time=string}
im_resolution_day={im_resolution_day=string}
im_resolution_time={im_resolution_time=string}
exposureProfile={exposureProfile=string}

#principalInternalOnly
#mtaInternalOnly={mtaInternalOnly=boolean}
#roundingInternalOnly={roundingInternalOnly=boolean}

#cptyInternalOnly
#mtaInternalOnly={mtaInternalOnly=boolean}
#roundingInternalOnly={roundingInternalOnly=boolean}

netVmImEventInSameDirection={netVmImEventInSameDirection=boolean}
netVmImInterest={netVmImInterest=boolean}
im_interestCalcMethod={im_interestCalcMethod=string}
im_calcRule={im_calcRule=string}
im_interest_pay_method={im_interest_pay_method=string}
im_interest_receive_method={im_interest_receive_method=string}
im_enableInterestCalc={im_enableInterestCalc=string}
settlement_level={settlement_level=string}

#tradeCalcRule
#includeFailedOpenLeg={includeFailedOpenLeg=boolean}
#includeFailedCloseLeg={includeFailedCloseLeg=boolean}
