#format as below
#xml element name = {xls header name = xls value type, ...}
legal_id={legal_id=string}
tradeRef={tradeRef=string}
tradeRef2={tradeRef2=string}
principal={principal=string}
cptyRef={cptyRef=string}
counterparty={counterparty=string}
orgCode={orgCode=string}
product={product=string}
underlying={underlying=string}
strategy={strategy=string}
tradeDate={tradeDate=string}
startDate={startDate=string}
endDate={endDate=string}
orderType={orderType=string}
instructionReleaseStatus={instructionReleaseStatus=string}
orderNum={orderNum=string}
cptyOrderNum={cptyOrderNum=string}
instrumentId={instrumentId=string}
notional={notional=string}
couponAccrual={couponAccrual=string}
securityHaircut={securityHaircut=string}
tradePrice={tradePrice=string}
cleanPrice={cleanPrice=string}
priceSource={priceSource=string}
securitySettlementStartLeg={securitySettlementStartLeg=string}
openCash={openCash=string}
cashComponentCcy={cashComponentCcy=string}
closeCash={closeCash=string}
feeCcy={=string}
mtmValuation={mtmValuation=string}
mtmValuationCcy={mtmValuationCcy=string}
cptyMtmValuation={cptyMtmValuation=string}
cptyMtmValuationCcy={cptyMtmValuationCcy=string}
indepMtmValuation={indepMtmValuation=string}
indepMtmValuationCcy={indepMtmValuationCcy=string}
valuationRule={valuationRule=string}
operation={operation=string}
mtmValuationDate={mtmValuationDate=string}
system={system=string}
misc1={misc1=string}
misc2={misc2=string}
misc3={misc3=string}
misc4={misc4=string}
misc5={misc5=string}
misc6={misc6=string}
misc7={misc7=string}
misc8={misc8=string}
misc9={misc9=string}
misc10={misc10=string}
misc11={misc11=string}
misc12={misc12=string}
misc13={misc13=string}
misc14={misc14=string}
misc15={misc15=string}
misc16={misc16=string}
misc17={misc17=string}
misc20={misc20=string}
misc21={misc21=string}
misc22={misc22=string}
misc23={misc23=string}
misc24={misc24=string}
misc25={misc25=string}
misc26={misc26=string}
misc27={misc27=string}
misc28={misc28=string}
misc29={misc29=string}
misc30={misc30=string}