#format as below
#xml element name = {xls header name = xls value type, ...}
agreement_id={agreement_id=string}
legal_id={legal_id=string}
principal={principal=string}
counterparty={counterparty=string}
system={system=string}
prin_branch={prin_branch=string}
cpty_branch={cpty_branch=string}
model={model=string}
modelDescription={modelDescription=string}
modelCategory={modelCategory=string}
cashflowPhysical={cashflowPhysical=string}
initialCoupon={initialCoupon=string}
bankedCoupon={bankedCoupon=string}
pai={pai=string}
upfrontFee={upfrontFee=string}
unrealisedPandLCleared={unrealisedPandLCleared=string}
realisedPandLCleared={realisedPandLCleared=string}
totalFeesCleared={totalFeesCleared=string}
netPandLCleared={netPandLCleared=string}
totalNetPandL={totalNetPandL=string}
realisedPandLETD={realisedPandLETD=string}
commissionAndFees={commissionAndFees=string}
openingBalance={openingBalance=string}
optionPremium={optionPremium=string}
cashAmounts={cashAmounts=string}
endingBalance={endingBalance=string}
OTE={OTE=string}
TE={TE=string}
LOV={LOV=string}
SOV={SOV=string}
NOV={NOV=string}
NLV={NLV=string}
IMR={IMR=string}
MMR={MMR=string}
IM_SecuritiesBalance={IM_SecuritiesBalance=string}
IM_CashBalance={IM_CashBalance=string}
IM_DCVM={IM_DCVM=string}
ED={ED=string}
DFR={DFR=string}
DF_Securities_Balance={DF_Securities_Balance=string}
DF_Cash_Balance={DF_Cash_Balance=string}
DF_ED={DF_ED=string}